// Jest Snapshot v1, https://goo.gl/fbAQLP

exports[`TestPreviewList component renders correctly when there are no tests 1`] = `
<section
  className="ant-layout"
/>
`;

exports[`TestPreviewList component renders correctly when there are some tests 1`] = `
<section
  className="ant-layout"
/>
`;
