// Jest Snapshot v1, https://goo.gl/fbAQLP

exports[`renders correctly when there is a test detail 1`] = `
<form
  className=""
/>
`;

exports[`renders correctly when there is a test detail with undefined props 1`] = `
<form
  className=""
>
  <div
    className="row"
  >
    <div
      className="col"
    />
    <div
      className="col"
    >
      <div
        className="dropdown"
      >
        <button
          aria-expanded={false}
          className="dropdown-toggle btn btn-secondary"
          disabled={false}
          id="dropdown-item-button"
          onClick={[Function]}
          type="button"
        >
          Undefined
        </button>
      </div>
    </div>
    <div
      className="col"
    />
    <div
      className="col"
    />
    <div
      className="col"
    />
  </div>
</form>
`;

exports[`renders correctly when there is no status present 1`] = `
<form
  className=""
/>
`;
